// Jest Snapshot v1, https://goo.gl/fbAQLP

exports[`Config: Validation - Schema valid config matches the snapshot 1`] = `
Object {
  "$_root": Object {
    "_types": Object {},
    "cache": Object {},
    "version": "17.4.2",
  },
  "$_super": Object {},
  "$_temp": Object {
    "ruleset": null,
    "whens": Object {},
  },
  "$_terms": Object {
    "alterations": null,
    "dependencies": null,
    "examples": null,
    "externals": null,
    "keys": Array [
      Object {
        "key": "port",
        "schema": Object {
          "$_root": Object {
            "_types": Object {},
            "cache": Object {},
            "version": "17.4.2",
          },
          "$_super": Object {},
          "$_temp": Object {
            "ruleset": false,
            "whens": Object {},
          },
          "$_terms": Object {
            "alterations": null,
            "examples": null,
            "externals": null,
            "metas": Array [],
            "notes": Array [],
            "shared": null,
            "tags": Array [],
            "whens": null,
          },
          "_cache": null,
          "_flags": Object {
            "presence": "required",
          },
          "_ids": Object {
            "_byId": Object {},
            "_byKey": Object {},
            "_schemaChain": false,
          },
          "_invalids": null,
          "_preferences": null,
          "_refs": Object {
            "refs": Array [],
          },
          "_rules": Array [
            Object {
              "_resolve": Array [],
              "args": Object {
                "sign": "positive",
              },
              "method": "sign",
              "name": "sign",
            },
          ],
          "_singleRules": Object {},
          "_valids": null,
          "type": "number",
        },
      },
      Object {
        "key": "autostart",
        "schema": Object {
          "$_root": Object {
            "_types": Object {},
            "cache": Object {},
            "version": "17.4.2",
          },
          "$_super": Object {},
          "$_temp": Object {
            "ruleset": null,
            "whens": Object {},
          },
          "$_terms": Object {
            "alterations": null,
            "examples": null,
            "externals": null,
            "falsy": null,
            "metas": Array [],
            "notes": Array [],
            "shared": null,
            "tags": Array [],
            "truthy": null,
            "whens": null,
          },
          "_cache": null,
          "_flags": Object {},
          "_ids": Object {
            "_byId": Object {},
            "_byKey": Object {},
            "_schemaChain": false,
          },
          "_invalids": null,
          "_preferences": null,
          "_refs": Object {
            "refs": Array [],
          },
          "_rules": Array [],
          "_singleRules": Object {},
          "_valids": null,
          "type": "boolean",
        },
      },
      Object {
        "key": "services",
        "schema": Object {
          "$_root": Object {
            "_types": Object {},
            "cache": Object {},
            "version": "17.4.2",
          },
          "$_super": Object {},
          "$_temp": Object {
            "ruleset": null,
            "whens": Object {},
          },
          "$_terms": Object {
            "_exclusions": Array [],
            "_inclusions": Array [
              Object {
                "$_root": Object {
                  "_types": Object {},
                  "cache": Object {},
                  "version": "17.4.2",
                },
                "$_super": Object {},
                "$_temp": Object {
                  "ruleset": false,
                  "whens": Object {},
                },
                "$_terms": Object {
                  "alterations": null,
                  "dependencies": null,
                  "examples": null,
                  "externals": null,
                  "keys": Array [
                    Object {
                      "key": "name",
                      "schema": Object {
                        "$_root": Object {
                          "_types": Object {},
                          "cache": Object {},
                          "version": "17.4.2",
                        },
                        "$_super": Object {},
                        "$_temp": Object {
                          "ruleset": false,
                          "whens": Object {},
                        },
                        "$_terms": Object {
                          "alterations": null,
                          "examples": null,
                          "externals": null,
                          "metas": Array [],
                          "notes": Array [],
                          "replacements": null,
                          "shared": null,
                          "tags": Array [],
                          "whens": null,
                        },
                        "_cache": null,
                        "_flags": Object {
                          "presence": "required",
                        },
                        "_ids": Object {
                          "_byId": Object {},
                          "_byKey": Object {},
                          "_schemaChain": false,
                        },
                        "_invalids": null,
                        "_preferences": null,
                        "_refs": Object {
                          "refs": Array [],
                        },
                        "_rules": Array [],
                        "_singleRules": Object {},
                        "_valids": null,
                        "type": "string",
                      },
                    },
                    Object {
                      "key": "port",
                      "schema": Object {
                        "$_root": Object {
                          "_types": Object {},
                          "cache": Object {},
                          "version": "17.4.2",
                        },
                        "$_super": Object {},
                        "$_temp": Object {
                          "ruleset": false,
                          "whens": Object {},
                        },
                        "$_terms": Object {
                          "alterations": null,
                          "examples": null,
                          "externals": null,
                          "metas": Array [],
                          "notes": Array [],
                          "shared": null,
                          "tags": Array [],
                          "whens": null,
                        },
                        "_cache": null,
                        "_flags": Object {
                          "presence": "required",
                        },
                        "_ids": Object {
                          "_byId": Object {},
                          "_byKey": Object {},
                          "_schemaChain": false,
                        },
                        "_invalids": null,
                        "_preferences": null,
                        "_refs": Object {
                          "refs": Array [],
                        },
                        "_rules": Array [
                          Object {
                            "_resolve": Array [],
                            "args": Object {
                              "sign": "positive",
                            },
                            "method": "sign",
                            "name": "sign",
                          },
                        ],
                        "_singleRules": Object {},
                        "_valids": null,
                        "type": "number",
                      },
                    },
                    Object {
                      "key": "routes",
                      "schema": Object {
                        "$_root": Object {
                          "_types": Object {},
                          "cache": Object {},
                          "version": "17.4.2",
                        },
                        "$_super": Object {},
                        "$_temp": Object {
                          "ruleset": false,
                          "whens": Object {},
                        },
                        "$_terms": Object {
                          "_exclusions": Array [],
                          "_inclusions": Array [
                            Object {
                              "$_root": Object {
                                "_types": Object {},
                                "cache": Object {},
                                "version": "17.4.2",
                              },
                              "$_super": Object {},
                              "$_temp": Object {
                                "ruleset": null,
                                "whens": Object {},
                              },
                              "$_terms": Object {
                                "alterations": null,
                                "examples": null,
                                "externals": null,
                                "metas": Array [],
                                "notes": Array [],
                                "replacements": null,
                                "shared": null,
                                "tags": Array [],
                                "whens": null,
                              },
                              "_cache": null,
                              "_flags": Object {},
                              "_ids": Object {
                                "_byId": Object {},
                                "_byKey": Object {},
                                "_schemaChain": false,
                              },
                              "_invalids": null,
                              "_preferences": null,
                              "_refs": Object {
                                "refs": Array [],
                              },
                              "_rules": Array [],
                              "_singleRules": Object {},
                              "_valids": null,
                              "type": "string",
                            },
                          ],
                          "_requireds": Array [],
                          "alterations": null,
                          "examples": null,
                          "externals": null,
                          "items": Array [
                            Object {
                              "$_root": Object {
                                "_types": Object {},
                                "cache": Object {},
                                "version": "17.4.2",
                              },
                              "$_super": Object {},
                              "$_temp": Object {
                                "ruleset": null,
                                "whens": Object {},
                              },
                              "$_terms": Object {
                                "alterations": null,
                                "examples": null,
                                "externals": null,
                                "metas": Array [],
                                "notes": Array [],
                                "replacements": null,
                                "shared": null,
                                "tags": Array [],
                                "whens": null,
                              },
                              "_cache": null,
                              "_flags": Object {},
                              "_ids": Object {
                                "_byId": Object {},
                                "_byKey": Object {},
                                "_schemaChain": false,
                              },
                              "_invalids": null,
                              "_preferences": null,
                              "_refs": Object {
                                "refs": Array [],
                              },
                              "_rules": Array [],
                              "_singleRules": Object {},
                              "_valids": null,
                              "type": "string",
                            },
                          ],
                          "metas": Array [],
                          "notes": Array [],
                          "ordered": Array [],
                          "shared": null,
                          "tags": Array [],
                          "whens": null,
                        },
                        "_cache": null,
                        "_flags": Object {
                          "presence": "required",
                        },
                        "_ids": Object {
                          "_byId": Object {},
                          "_byKey": Object {},
                          "_schemaChain": false,
                        },
                        "_invalids": null,
                        "_preferences": null,
                        "_refs": Object {
                          "refs": Array [],
                        },
                        "_rules": Array [
                          Object {
                            "_resolve": Array [],
                            "method": "items",
                            "name": "items",
                          },
                        ],
                        "_singleRules": Object {},
                        "_valids": null,
                        "type": "array",
                      },
                    },
                    Object {
                      "key": "script",
                      "schema": Object {
                        "$_root": Object {
                          "_types": Object {},
                          "cache": Object {},
                          "version": "17.4.2",
                        },
                        "$_super": Object {},
                        "$_temp": Object {
                          "ruleset": null,
                          "whens": Object {},
                        },
                        "$_terms": Object {
                          "alterations": null,
                          "examples": null,
                          "externals": null,
                          "metas": Array [],
                          "notes": Array [],
                          "replacements": null,
                          "shared": null,
                          "tags": Array [],
                          "whens": null,
                        },
                        "_cache": null,
                        "_flags": Object {},
                        "_ids": Object {
                          "_byId": Object {},
                          "_byKey": Object {},
                          "_schemaChain": false,
                        },
                        "_invalids": null,
                        "_preferences": null,
                        "_refs": Object {
                          "refs": Array [],
                        },
                        "_rules": Array [
                          Object {
                            "_resolve": Array [],
                            "args": Object {},
                            "method": "custom",
                            "name": "custom",
                          },
                        ],
                        "_singleRules": Object {},
                        "_valids": null,
                        "type": "string",
                      },
                    },
                    Object {
                      "key": "ttl",
                      "schema": Object {
                        "$_root": Object {
                          "_types": Object {},
                          "cache": Object {},
                          "version": "17.4.2",
                        },
                        "$_super": Object {},
                        "$_temp": Object {
                          "ruleset": null,
                          "whens": Object {},
                        },
                        "$_terms": Object {
                          "alterations": null,
                          "examples": null,
                          "externals": null,
                          "metas": Array [],
                          "notes": Array [],
                          "shared": null,
                          "tags": Array [],
                          "whens": null,
                        },
                        "_cache": null,
                        "_flags": Object {},
                        "_ids": Object {
                          "_byId": Object {},
                          "_byKey": Object {},
                          "_schemaChain": false,
                        },
                        "_invalids": null,
                        "_preferences": null,
                        "_refs": Object {
                          "refs": Array [],
                        },
                        "_rules": Array [
                          Object {
                            "_resolve": Array [],
                            "args": Object {
                              "sign": "positive",
                            },
                            "method": "sign",
                            "name": "sign",
                          },
                        ],
                        "_singleRules": Object {},
                        "_valids": null,
                        "type": "number",
                      },
                    },
                    Object {
                      "key": "env",
                      "schema": Object {
                        "$_root": Object {
                          "_types": Object {},
                          "cache": Object {},
                          "version": "17.4.2",
                        },
                        "$_super": Object {},
                        "$_temp": Object {
                          "ruleset": null,
                          "whens": Object {},
                        },
                        "$_terms": Object {
                          "alterations": null,
                          "dependencies": null,
                          "examples": null,
                          "externals": null,
                          "keys": null,
                          "metas": Array [],
                          "notes": Array [],
                          "patterns": null,
                          "renames": null,
                          "shared": null,
                          "tags": Array [],
                          "whens": null,
                        },
                        "_cache": null,
                        "_flags": Object {},
                        "_ids": Object {
                          "_byId": Object {},
                          "_byKey": Object {},
                          "_schemaChain": false,
                        },
                        "_invalids": null,
                        "_preferences": null,
                        "_refs": Object {
                          "refs": Array [],
                        },
                        "_rules": Array [],
                        "_singleRules": Object {},
                        "_valids": null,
                        "type": "object",
                      },
                    },
                  ],
                  "metas": Array [],
                  "notes": Array [],
                  "patterns": null,
                  "renames": null,
                  "shared": null,
                  "tags": Array [],
                  "whens": null,
                },
                "_cache": null,
                "_flags": Object {},
                "_ids": Object {
                  "_byId": Object {},
                  "_byKey": Object {},
                  "_schemaChain": false,
                },
                "_invalids": null,
                "_preferences": null,
                "_refs": Object {
                  "refs": Array [],
                },
                "_rules": Array [],
                "_singleRules": Object {},
                "_valids": null,
                "type": "object",
              },
            ],
            "_requireds": Array [],
            "alterations": null,
            "examples": null,
            "externals": null,
            "items": Array [
              Object {
                "$_root": Object {
                  "_types": Object {},
                  "cache": Object {},
                  "version": "17.4.2",
                },
                "$_super": Object {},
                "$_temp": Object {
                  "ruleset": false,
                  "whens": Object {},
                },
                "$_terms": Object {
                  "alterations": null,
                  "dependencies": null,
                  "examples": null,
                  "externals": null,
                  "keys": Array [
                    Object {
                      "key": "name",
                      "schema": Object {
                        "$_root": Object {
                          "_types": Object {},
                          "cache": Object {},
                          "version": "17.4.2",
                        },
                        "$_super": Object {},
                        "$_temp": Object {
                          "ruleset": false,
                          "whens": Object {},
                        },
                        "$_terms": Object {
                          "alterations": null,
                          "examples": null,
                          "externals": null,
                          "metas": Array [],
                          "notes": Array [],
                          "replacements": null,
                          "shared": null,
                          "tags": Array [],
                          "whens": null,
                        },
                        "_cache": null,
                        "_flags": Object {
                          "presence": "required",
                        },
                        "_ids": Object {
                          "_byId": Object {},
                          "_byKey": Object {},
                          "_schemaChain": false,
                        },
                        "_invalids": null,
                        "_preferences": null,
                        "_refs": Object {
                          "refs": Array [],
                        },
                        "_rules": Array [],
                        "_singleRules": Object {},
                        "_valids": null,
                        "type": "string",
                      },
                    },
                    Object {
                      "key": "port",
                      "schema": Object {
                        "$_root": Object {
                          "_types": Object {},
                          "cache": Object {},
                          "version": "17.4.2",
                        },
                        "$_super": Object {},
                        "$_temp": Object {
                          "ruleset": false,
                          "whens": Object {},
                        },
                        "$_terms": Object {
                          "alterations": null,
                          "examples": null,
                          "externals": null,
                          "metas": Array [],
                          "notes": Array [],
                          "shared": null,
                          "tags": Array [],
                          "whens": null,
                        },
                        "_cache": null,
                        "_flags": Object {
                          "presence": "required",
                        },
                        "_ids": Object {
                          "_byId": Object {},
                          "_byKey": Object {},
                          "_schemaChain": false,
                        },
                        "_invalids": null,
                        "_preferences": null,
                        "_refs": Object {
                          "refs": Array [],
                        },
                        "_rules": Array [
                          Object {
                            "_resolve": Array [],
                            "args": Object {
                              "sign": "positive",
                            },
                            "method": "sign",
                            "name": "sign",
                          },
                        ],
                        "_singleRules": Object {},
                        "_valids": null,
                        "type": "number",
                      },
                    },
                    Object {
                      "key": "routes",
                      "schema": Object {
                        "$_root": Object {
                          "_types": Object {},
                          "cache": Object {},
                          "version": "17.4.2",
                        },
                        "$_super": Object {},
                        "$_temp": Object {
                          "ruleset": false,
                          "whens": Object {},
                        },
                        "$_terms": Object {
                          "_exclusions": Array [],
                          "_inclusions": Array [
                            Object {
                              "$_root": Object {
                                "_types": Object {},
                                "cache": Object {},
                                "version": "17.4.2",
                              },
                              "$_super": Object {},
                              "$_temp": Object {
                                "ruleset": null,
                                "whens": Object {},
                              },
                              "$_terms": Object {
                                "alterations": null,
                                "examples": null,
                                "externals": null,
                                "metas": Array [],
                                "notes": Array [],
                                "replacements": null,
                                "shared": null,
                                "tags": Array [],
                                "whens": null,
                              },
                              "_cache": null,
                              "_flags": Object {},
                              "_ids": Object {
                                "_byId": Object {},
                                "_byKey": Object {},
                                "_schemaChain": false,
                              },
                              "_invalids": null,
                              "_preferences": null,
                              "_refs": Object {
                                "refs": Array [],
                              },
                              "_rules": Array [],
                              "_singleRules": Object {},
                              "_valids": null,
                              "type": "string",
                            },
                          ],
                          "_requireds": Array [],
                          "alterations": null,
                          "examples": null,
                          "externals": null,
                          "items": Array [
                            Object {
                              "$_root": Object {
                                "_types": Object {},
                                "cache": Object {},
                                "version": "17.4.2",
                              },
                              "$_super": Object {},
                              "$_temp": Object {
                                "ruleset": null,
                                "whens": Object {},
                              },
                              "$_terms": Object {
                                "alterations": null,
                                "examples": null,
                                "externals": null,
                                "metas": Array [],
                                "notes": Array [],
                                "replacements": null,
                                "shared": null,
                                "tags": Array [],
                                "whens": null,
                              },
                              "_cache": null,
                              "_flags": Object {},
                              "_ids": Object {
                                "_byId": Object {},
                                "_byKey": Object {},
                                "_schemaChain": false,
                              },
                              "_invalids": null,
                              "_preferences": null,
                              "_refs": Object {
                                "refs": Array [],
                              },
                              "_rules": Array [],
                              "_singleRules": Object {},
                              "_valids": null,
                              "type": "string",
                            },
                          ],
                          "metas": Array [],
                          "notes": Array [],
                          "ordered": Array [],
                          "shared": null,
                          "tags": Array [],
                          "whens": null,
                        },
                        "_cache": null,
                        "_flags": Object {
                          "presence": "required",
                        },
                        "_ids": Object {
                          "_byId": Object {},
                          "_byKey": Object {},
                          "_schemaChain": false,
                        },
                        "_invalids": null,
                        "_preferences": null,
                        "_refs": Object {
                          "refs": Array [],
                        },
                        "_rules": Array [
                          Object {
                            "_resolve": Array [],
                            "method": "items",
                            "name": "items",
                          },
                        ],
                        "_singleRules": Object {},
                        "_valids": null,
                        "type": "array",
                      },
                    },
                    Object {
                      "key": "script",
                      "schema": Object {
                        "$_root": Object {
                          "_types": Object {},
                          "cache": Object {},
                          "version": "17.4.2",
                        },
                        "$_super": Object {},
                        "$_temp": Object {
                          "ruleset": null,
                          "whens": Object {},
                        },
                        "$_terms": Object {
                          "alterations": null,
                          "examples": null,
                          "externals": null,
                          "metas": Array [],
                          "notes": Array [],
                          "replacements": null,
                          "shared": null,
                          "tags": Array [],
                          "whens": null,
                        },
                        "_cache": null,
                        "_flags": Object {},
                        "_ids": Object {
                          "_byId": Object {},
                          "_byKey": Object {},
                          "_schemaChain": false,
                        },
                        "_invalids": null,
                        "_preferences": null,
                        "_refs": Object {
                          "refs": Array [],
                        },
                        "_rules": Array [
                          Object {
                            "_resolve": Array [],
                            "args": Object {},
                            "method": "custom",
                            "name": "custom",
                          },
                        ],
                        "_singleRules": Object {},
                        "_valids": null,
                        "type": "string",
                      },
                    },
                    Object {
                      "key": "ttl",
                      "schema": Object {
                        "$_root": Object {
                          "_types": Object {},
                          "cache": Object {},
                          "version": "17.4.2",
                        },
                        "$_super": Object {},
                        "$_temp": Object {
                          "ruleset": null,
                          "whens": Object {},
                        },
                        "$_terms": Object {
                          "alterations": null,
                          "examples": null,
                          "externals": null,
                          "metas": Array [],
                          "notes": Array [],
                          "shared": null,
                          "tags": Array [],
                          "whens": null,
                        },
                        "_cache": null,
                        "_flags": Object {},
                        "_ids": Object {
                          "_byId": Object {},
                          "_byKey": Object {},
                          "_schemaChain": false,
                        },
                        "_invalids": null,
                        "_preferences": null,
                        "_refs": Object {
                          "refs": Array [],
                        },
                        "_rules": Array [
                          Object {
                            "_resolve": Array [],
                            "args": Object {
                              "sign": "positive",
                            },
                            "method": "sign",
                            "name": "sign",
                          },
                        ],
                        "_singleRules": Object {},
                        "_valids": null,
                        "type": "number",
                      },
                    },
                    Object {
                      "key": "env",
                      "schema": Object {
                        "$_root": Object {
                          "_types": Object {},
                          "cache": Object {},
                          "version": "17.4.2",
                        },
                        "$_super": Object {},
                        "$_temp": Object {
                          "ruleset": null,
                          "whens": Object {},
                        },
                        "$_terms": Object {
                          "alterations": null,
                          "dependencies": null,
                          "examples": null,
                          "externals": null,
                          "keys": null,
                          "metas": Array [],
                          "notes": Array [],
                          "patterns": null,
                          "renames": null,
                          "shared": null,
                          "tags": Array [],
                          "whens": null,
                        },
                        "_cache": null,
                        "_flags": Object {},
                        "_ids": Object {
                          "_byId": Object {},
                          "_byKey": Object {},
                          "_schemaChain": false,
                        },
                        "_invalids": null,
                        "_preferences": null,
                        "_refs": Object {
                          "refs": Array [],
                        },
                        "_rules": Array [],
                        "_singleRules": Object {},
                        "_valids": null,
                        "type": "object",
                      },
                    },
                  ],
                  "metas": Array [],
                  "notes": Array [],
                  "patterns": null,
                  "renames": null,
                  "shared": null,
                  "tags": Array [],
                  "whens": null,
                },
                "_cache": null,
                "_flags": Object {},
                "_ids": Object {
                  "_byId": Object {},
                  "_byKey": Object {},
                  "_schemaChain": false,
                },
                "_invalids": null,
                "_preferences": null,
                "_refs": Object {
                  "refs": Array [],
                },
                "_rules": Array [],
                "_singleRules": Object {},
                "_valids": null,
                "type": "object",
              },
            ],
            "metas": Array [],
            "notes": Array [],
            "ordered": Array [],
            "shared": null,
            "tags": Array [],
            "whens": null,
          },
          "_cache": null,
          "_flags": Object {},
          "_ids": Object {
            "_byId": Object {},
            "_byKey": Object {},
            "_schemaChain": false,
          },
          "_invalids": null,
          "_preferences": null,
          "_refs": Object {
            "refs": Array [],
          },
          "_rules": Array [
            Object {
              "_resolve": Array [],
              "method": "items",
              "name": "items",
            },
            Object {
              "_resolve": Array [],
              "args": Object {
                "comparator": "port",
                "options": Object {},
              },
              "method": "unique",
              "name": "unique",
              "path": Array [
                "port",
              ],
            },
            Object {
              "_resolve": Array [],
              "args": Object {
                "comparator": "name",
                "options": Object {},
              },
              "method": "unique",
              "name": "unique",
              "path": Array [
                "name",
              ],
            },
          ],
          "_singleRules": Object {},
          "_valids": null,
          "type": "array",
        },
      },
    ],
    "metas": Array [],
    "notes": Array [],
    "patterns": null,
    "renames": null,
    "shared": null,
    "tags": Array [],
    "whens": null,
  },
  "_cache": null,
  "_flags": Object {},
  "_ids": Object {
    "_byId": Object {},
    "_byKey": Object {},
    "_schemaChain": false,
  },
  "_invalids": null,
  "_preferences": null,
  "_refs": Object {
    "refs": Array [],
  },
  "_rules": Array [
    Object {
      "_resolve": Array [],
      "args": Object {},
      "method": "custom",
      "name": "custom",
    },
  ],
  "_singleRules": Object {},
  "_valids": null,
  "type": "object",
}
`;
